\BOOKMARK [1][-]{section.1}{\376\377\000I\000n\000t\000r\000o\000d\000u\000c\000t\000i\000o\000n\000\040\000G\000\351\000n\000\351\000r\000a\000l\000e}{}% 1
\BOOKMARK [2][-]{subsection.1.1}{\376\377\000C\000o\000n\000t\000e\000x\000t\000e\000\040\000d\000u\000\040\000P\000r\000o\000j\000e\000t}{section.1}% 2
\BOOKMARK [2][-]{subsection.1.2}{\376\377\000P\000r\000o\000b\000l\000\351\000m\000a\000t\000i\000q\000u\000e}{section.1}% 3
\BOOKMARK [2][-]{subsection.1.3}{\376\377\000A\000x\000e\000s\000\040\000d\000u\000\040\000T\000r\000a\000v\000a\000i\000l}{section.1}% 4
\BOOKMARK [1][-]{section.2}{\376\377\000\311\000t\000u\000d\000e\000\040\000d\000e\000\040\000l\000'\000E\000x\000i\000s\000t\000a\000n\000t\000\040\000e\000t\000\040\000E\000x\000p\000l\000o\000r\000a\000t\000i\000o\000n\000\040\000d\000e\000s\000\040\000D\000o\000n\000n\000\351\000e\000s\000\040\000\050\000E\000D\000A\000\051}{}% 5
\BOOKMARK [2][-]{subsection.2.1}{\376\377\000A\000n\000a\000l\000y\000s\000e\000\040\000d\000e\000\040\000l\000a\000\040\000S\000t\000r\000u\000c\000t\000u\000r\000e\000\040\000d\000u\000\040\000D\000a\000t\000a\000s\000e\000t}{section.2}% 6
\BOOKMARK [2][-]{subsection.2.2}{\376\377\000E\000x\000p\000l\000o\000r\000a\000t\000o\000r\000y\000\040\000D\000a\000t\000a\000\040\000A\000n\000a\000l\000y\000s\000i\000s\000\040\000\050\000E\000D\000A\000\051\000\040\000e\000t\000\040\000D\000i\000a\000g\000n\000o\000s\000t\000i\000c}{section.2}% 7
\BOOKMARK [3][-]{subsubsection.2.2.1}{\376\377\000A\000n\000a\000l\000y\000s\000e\000\040\000d\000e\000\040\000l\000a\000\040\000D\000i\000s\000t\000r\000i\000b\000u\000t\000i\000o\000n\000\040\000e\000t\000\040\000D\000\351\000t\000e\000c\000t\000i\000o\000n\000\040\000d\000'\000A\000n\000o\000m\000a\000l\000i\000e\000s}{subsection.2.2}% 8
\BOOKMARK [3][-]{subsubsection.2.2.2}{\376\377\000\311\000t\000u\000d\000e\000\040\000d\000e\000\040\000l\000a\000\040\000M\000u\000l\000t\000i\000c\000o\000l\000i\000n\000\351\000a\000r\000i\000t\000\351\000\040\000\050\000M\000a\000t\000r\000i\000c\000e\000\040\000d\000e\000\040\000C\000o\000r\000r\000\351\000l\000a\000t\000i\000o\000n\000\051}{subsection.2.2}% 9
\BOOKMARK [2][-]{subsection.2.3}{\376\377\000B\000i\000l\000a\000n\000\040\000d\000e\000\040\000l\000'\000E\000x\000i\000s\000t\000a\000n\000t}{section.2}% 10
\BOOKMARK [1][-]{section.3}{\376\377\000P\000r\000\351\000t\000r\000a\000i\000t\000e\000m\000e\000n\000t\000\040\000e\000t\000\040\000I\000n\000g\000\351\000n\000i\000e\000r\000i\000e\000\040\000d\000e\000s\000\040\000D\000o\000n\000n\000\351\000e\000s}{}% 11
\BOOKMARK [2][-]{subsection.3.1}{\376\377\000N\000e\000t\000t\000o\000y\000a\000g\000e\000\040\000A\000v\000a\000n\000c\000\351\000\040\000e\000t\000\040\000F\000i\000l\000t\000r\000a\000g\000e}{section.3}% 12
\BOOKMARK [2][-]{subsection.3.2}{\376\377\000I\000n\000g\000\351\000n\000i\000e\000r\000i\000e\000\040\000d\000e\000s\000\040\000C\000a\000r\000a\000c\000t\000\351\000r\000i\000s\000t\000i\000q\000u\000e\000s\000\040\000\050\000F\000e\000a\000t\000u\000r\000e\000\040\000E\000n\000g\000i\000n\000e\000e\000r\000i\000n\000g\000\051}{section.3}% 13
\BOOKMARK [2][-]{subsection.3.3}{\376\377\000D\000o\000u\000b\000l\000e\000\040\000S\000t\000r\000a\000t\000\351\000g\000i\000e\000\040\000d\000e\000\040\000P\000r\000\351\000p\000a\000r\000a\000t\000i\000o\000n\000\040\000d\000e\000s\000\040\000D\000o\000n\000n\000\351\000e\000s}{section.3}% 14
\BOOKMARK [1][-]{section.4}{\376\377\000R\000\351\000d\000u\000c\000t\000i\000o\000n\000\040\000d\000e\000\040\000D\000i\000m\000e\000n\000s\000i\000o\000n\000\040\000e\000t\000\040\000S\000e\000g\000m\000e\000n\000t\000a\000t\000i\000o\000n}{}% 15
\BOOKMARK [2][-]{subsection.4.1}{\376\377\000A\000n\000a\000l\000y\000s\000e\000\040\000e\000n\000\040\000C\000o\000m\000p\000o\000s\000a\000n\000t\000e\000s\000\040\000P\000r\000i\000n\000c\000i\000p\000a\000l\000e\000s\000\040\000\050\000P\000C\000A\000\051}{section.4}% 16
\BOOKMARK [3][-]{subsubsection.4.1.1}{\376\377\000J\000u\000s\000t\000i\000f\000i\000c\000a\000t\000i\000o\000n\000\040\000d\000u\000\040\000p\000a\000s\000s\000a\000g\000e\000\040\000\340\000\040\0001\0000\000\040\000c\000o\000m\000p\000o\000s\000a\000n\000t\000e\000s}{subsection.4.1}% 17
\BOOKMARK [3][-]{subsubsection.4.1.2}{\376\377\000A\000n\000a\000l\000y\000s\000e\000\040\000d\000e\000\040\000l\000a\000\040\000v\000a\000r\000i\000a\000n\000c\000e\000\040\000e\000x\000p\000l\000i\000q\000u\000\351\000e}{subsection.4.1}% 18
\BOOKMARK [2][-]{subsection.4.2}{\376\377\000S\000e\000g\000m\000e\000n\000t\000a\000t\000i\000o\000n\000\040\000p\000a\000r\000\040\000C\000l\000u\000s\000t\000e\000r\000i\000n\000g\000\040\000\050\000K\000-\000M\000e\000a\000n\000s\000\051}{section.4}% 19
\BOOKMARK [3][-]{subsubsection.4.2.1}{\376\377\000D\000\351\000t\000e\000r\000m\000i\000n\000a\000t\000i\000o\000n\000\040\000d\000u\000\040\000n\000o\000m\000b\000r\000e\000\040\000o\000p\000t\000i\000m\000a\000l\000\040\000d\000e\000\040\000c\000l\000u\000s\000t\000e\000r\000s\000\040\000\050\000K\000=\0004\000\051}{subsection.4.2}% 20
\BOOKMARK [3][-]{subsubsection.4.2.2}{\376\377\000P\000r\000o\000f\000i\000l\000a\000g\000e\000\040\000e\000t\000\040\000i\000n\000t\000e\000r\000p\000r\000\351\000t\000a\000t\000i\000o\000n\000\040\000d\000e\000s\000\040\000s\000e\000g\000m\000e\000n\000t\000s}{subsection.4.2}% 21
\BOOKMARK [3][-]{subsubsection.4.2.3}{\376\377\000M\000\351\000t\000h\000o\000d\000e\000\040\000d\000'\000I\000n\000t\000e\000r\000p\000r\000\351\000t\000a\000t\000i\000o\000n\000\040\000S\000c\000i\000e\000n\000t\000i\000f\000i\000q\000u\000e}{subsection.4.2}% 22
\BOOKMARK [1][-]{section.5}{\376\377\000M\000o\000d\000\351\000l\000i\000s\000a\000t\000i\000o\000n\000\040\000P\000r\000\351\000d\000i\000c\000t\000i\000v\000e}{}% 23
\BOOKMARK [2][-]{subsection.5.1}{\376\377\000C\000l\000a\000s\000s\000i\000f\000i\000c\000a\000t\000i\000o\000n\000\040\000d\000u\000\040\000C\000h\000u\000r\000n\000\040\000\050\000A\000t\000t\000r\000i\000t\000i\000o\000n\000\051}{section.5}% 24
\BOOKMARK [3][-]{subsubsection.5.1.1}{\376\377\000B\000a\000n\000c\000\040\000d\000'\000e\000s\000s\000a\000i\000\040\000m\000u\000l\000t\000i\000-\000m\000o\000d\000\350\000l\000e\000s}{subsection.5.1}% 25
\BOOKMARK [3][-]{subsubsection.5.1.2}{\376\377\000A\000n\000a\000l\000y\000s\000e\000\040\000C\000o\000m\000p\000a\000r\000a\000t\000i\000v\000e\000\040\000d\000e\000s\000\040\000P\000e\000r\000f\000o\000r\000m\000a\000n\000c\000e\000s}{subsection.5.1}% 26
\BOOKMARK [3][-]{subsubsection.5.1.3}{\376\377\000G\000e\000s\000t\000i\000o\000n\000\040\000d\000u\000\040\000d\000\351\000s\000\351\000q\000u\000i\000l\000i\000b\000r\000e\000\040\000p\000a\000r\000\040\000S\000M\000O\000T\000E}{subsection.5.1}% 27
\BOOKMARK [3][-]{subsubsection.5.1.4}{\376\377\000A\000n\000a\000l\000y\000s\000e\000\040\000d\000e\000s\000\040\000M\000a\000t\000r\000i\000c\000e\000s\000\040\000d\000e\000\040\000C\000o\000n\000f\000u\000s\000i\000o\000n}{subsection.5.1}% 28
\BOOKMARK [3][-]{subsubsection.5.1.5}{\376\377\000C\000h\000o\000i\000x\000\040\000d\000e\000\040\000l\000'\000a\000l\000g\000o\000r\000i\000t\000h\000m\000e\000\040\000:\000\040\000R\000a\000n\000d\000o\000m\000\040\000F\000o\000r\000e\000s\000t}{subsection.5.1}% 29
\BOOKMARK [3][-]{subsubsection.5.1.6}{\376\377\000M\000\351\000t\000r\000i\000q\000u\000e\000s\000\040\000d\000'\000\351\000v\000a\000l\000u\000a\000t\000i\000o\000n\000\040\000:\000\040\000P\000r\000\351\000c\000i\000s\000i\000o\000n\000\040\000e\000t\000\040\000R\000a\000p\000p\000e\000l}{subsection.5.1}% 30
\BOOKMARK [2][-]{subsection.5.2}{\376\377\000R\000\351\000g\000r\000e\000s\000s\000i\000o\000n\000\040\000d\000e\000s\000\040\000D\000\351\000p\000e\000n\000s\000e\000s\000\040\000\050\000M\000o\000n\000e\000t\000a\000r\000y\000T\000o\000t\000a\000l\000\051}{section.5}% 31
\BOOKMARK [3][-]{subsubsection.5.2.1}{\376\377\000A\000p\000p\000r\000o\000c\000h\000e\000\040\000d\000e\000\040\000r\000\351\000g\000r\000e\000s\000s\000i\000o\000n\000\040\000e\000t\000\040\000C\000h\000o\000i\000x\000\040\000A\000l\000g\000o\000r\000i\000t\000h\000m\000i\000q\000u\000e}{subsection.5.2}% 32
\BOOKMARK [3][-]{subsubsection.5.2.2}{\376\377\000A\000n\000a\000l\000y\000s\000e\000\040\000d\000e\000s\000\040\000P\000e\000r\000f\000o\000r\000m\000a\000n\000c\000e\000s\000\040\000e\000t\000\040\000I\000n\000t\000e\000r\000p\000r\000\351\000t\000a\000b\000i\000l\000i\000t\000\351}{subsection.5.2}% 33
\BOOKMARK [2][-]{subsection.5.3}{\376\377\000O\000p\000t\000i\000m\000i\000s\000a\000t\000i\000o\000n\000\040\000e\000t\000\040\000R\000e\000c\000h\000e\000r\000c\000h\000e\000\040\000d\000'\000H\000y\000p\000e\000r\000p\000a\000r\000a\000m\000\350\000t\000r\000e\000s}{section.5}% 34
\BOOKMARK [3][-]{subsubsection.5.3.1}{\376\377\000U\000t\000i\000l\000i\000s\000a\000t\000i\000o\000n\000\040\000d\000e\000\040\000G\000r\000i\000d\000S\000e\000a\000r\000c\000h\000C\000V\000\040\000e\000t\000\040\000O\000p\000t\000u\000n\000a}{subsection.5.3}% 35
\BOOKMARK [1][-]{section.6}{\376\377\000R\000\351\000a\000l\000i\000s\000a\000t\000i\000o\000n\000\040\000e\000t\000\040\000D\000\351\000p\000l\000o\000i\000e\000m\000e\000n\000t}{}% 36
\BOOKMARK [2][-]{subsection.6.1}{\376\377\000A\000r\000c\000h\000i\000t\000e\000c\000t\000u\000r\000e\000\040\000d\000e\000\040\000l\000a\000\040\000S\000o\000l\000u\000t\000i\000o\000n}{section.6}% 37
\BOOKMARK [2][-]{subsection.6.2}{\376\377\000P\000r\000\351\000s\000e\000n\000t\000a\000t\000i\000o\000n\000\040\000d\000e\000\040\000l\000'\000I\000n\000t\000e\000r\000f\000a\000c\000e\000\040\000S\000t\000r\000e\000a\000m\000l\000i\000t}{section.6}% 38
\BOOKMARK [2][-]{subsection.6.3}{\376\377\000G\000u\000i\000d\000e\000\040\000d\000'\000U\000t\000i\000l\000i\000s\000a\000t\000i\000o\000n\000\040\000e\000t\000\040\000D\000\351\000p\000l\000o\000i\000e\000m\000e\000n\000t}{section.6}% 39
\BOOKMARK [3][-]{subsubsection.6.3.1}{\376\377\000G\000e\000s\000t\000i\000o\000n\000\040\000d\000e\000s\000\040\000d\000\351\000p\000e\000n\000d\000a\000n\000c\000e\000s\000\040\000\050\000r\000e\000q\000u\000i\000r\000e\000m\000e\000n\000t\000s\000.\000t\000x\000t\000\051}{subsection.6.3}% 40
\BOOKMARK [3][-]{subsubsection.6.3.2}{\376\377\000E\000x\000\351\000c\000u\000t\000i\000o\000n\000\040\000d\000e\000\040\000l\000'\000a\000p\000p\000l\000i\000c\000a\000t\000i\000o\000n}{subsection.6.3}% 41
\BOOKMARK [1][-]{lstnumber.-2.1}{\376\377\000C\000o\000n\000c\000l\000u\000s\000i\000o\000n\000\040\000G\000\351\000n\000\351\000r\000a\000l\000e\000\040\000e\000t\000\040\000P\000e\000r\000s\000p\000e\000c\000t\000i\000v\000e\000s}{}% 42
